// Jest Snapshot v1, https://goo.gl/fbAQLP

exports[`CardBody renders correctly 1`] = `
.c0 {
  font-family: 'Roboto',sans-serif;
  margin: 0;
}

<p
  className="c0"
>
  TEST 123
</p>
`;
