// Jest Snapshot v1, https://goo.gl/fbAQLP

exports[`CallWindow renders correctly 1`] = `
<div
  allow="microphone"
  id="call-window"
  style={
    Object {
      "height": "465px",
      "width": "320px",
    }
  }
/>
`;
