// Jest Snapshot v1, https://goo.gl/fbAQLP

exports[`CardHeader renders correctly 1`] = `
.c0 {
  font-family: 'Roboto',sans-serif;
  margin: 0;
  margin-bottom: .3rem;
  text-align: center;
  font-size: 1.6rem;
}

<h3
  className="c0"
>
  HEADER TEXT
</h3>
`;
