// Jest Snapshot v1, https://goo.gl/fbAQLP

exports[`Line renders correctly 1`] = `
.c0 {
  width: 90%;
  height: 4px;
}

<hr
  className="c0"
/>
`;
