// Jest Snapshot v1, https://goo.gl/fbAQLP

exports[`CardBackground renders corrctly 1`] = `
.c0 {
  background-color: white;
  padding: 1rem 3rem;
  border-radius: 15px;
  box-shadow: 0 4px 8px 0 rgba(0,0,0,0.2);
  -webkit-transition: 0.3s;
  transition: 0.3s;
}

<div
  className="c0"
>
  Press Me
</div>
`;
