// Jest Snapshot v1, https://goo.gl/fbAQLP

exports[` 1`] = `
<button
  className="sc-bdVaJa iAMTQB"
>
  Press Me
</button>
`;
